{"level":"info","message":"Opening Products Page","scope":"Products.spec","service":"ttacart-tests","timestamp":"2026-07-27 09:49:53"}
{"level":"info","message":"Searching for product: Frozen Tops For Kids","scope":"Products.spec","service":"ttacart-tests","timestamp":"2026-07-27 09:49:54"}
{"level":"info","message":"Navigate to Login Page and login with valid credentials","scope":"Products.spec","service":"ttacart-tests","timestamp":"2026-07-27 09:51:31"}
{"level":"info","message":"Opening Products Page","scope":"Products.spec","service":"ttacart-tests","timestamp":"2026-07-27 09:51:40"}
{"level":"info","message":"Searching for product: Frozen Tops For Kids","scope":"Products.spec","service":"ttacart-tests","timestamp":"2026-07-27 09:51:41"}
{"level":"info","message":"Navigate to Login Page and login with valid credentials","scope":"Products.spec","service":"ttacart-tests","timestamp":"2026-07-27 09:56:03"}
{"level":"info","message":"Opening Products Page","scope":"Products.spec","service":"ttacart-tests","timestamp":"2026-07-27 09:56:12"}
{"level":"info","message":"Searching for product: Frozen Tops For Kids","scope":"Products.spec","service":"ttacart-tests","timestamp":"2026-07-27 09:56:13"}
{"level":"info","message":"Navigate to Login Page and login with valid credentials","scope":"Products.spec","service":"ttacart-tests","timestamp":"2026-07-27 11:41:30"}
{"level":"info","message":"Opening Products Page","scope":"Products.spec","service":"ttacart-tests","timestamp":"2026-07-27 11:41:39"}
{"level":"info","message":"Searching for product: Frozen Tops For Kids","scope":"Products.spec","service":"ttacart-tests","timestamp":"2026-07-27 11:41:40"}
{"level":"info","message":"Verifying search results for product: Frozen Tops For Kids","scope":"Products.spec","service":"ttacart-tests","timestamp":"2026-07-27 11:41:41"}
{"level":"info","message":"Navigate to Login Page and login with valid credentials","scope":"Products.spec","service":"ttacart-tests","timestamp":"2026-07-27 11:45:52"}
{"level":"info","message":"Opening Products Page","scope":"Products.spec","service":"ttacart-tests","timestamp":"2026-07-27 11:46:03"}
{"level":"info","message":"Searching for product: Frozen Tops For Kids","scope":"Products.spec","service":"ttacart-tests","timestamp":"2026-07-27 11:46:04"}
{"level":"info","message":"Verifying search results for product: Frozen Tops For Kids","scope":"Products.spec","service":"ttacart-tests","timestamp":"2026-07-27 11:46:05"}
{"level":"info","message":"Adding product to cart: Frozen Tops For Kids","scope":"Products.spec","service":"ttacart-tests","timestamp":"2026-07-27 11:46:06"}
{"level":"info","message":"Navigate to Login Page and login with valid credentials","scope":"Products.spec","service":"ttacart-tests","timestamp":"2026-07-27 11:47:06"}
{"level":"info","message":"Opening Products Page","scope":"Products.spec","service":"ttacart-tests","timestamp":"2026-07-27 11:47:14"}
{"level":"info","message":"Searching for product: Frozen Tops For Kids","scope":"Products.spec","service":"ttacart-tests","timestamp":"2026-07-27 11:47:15"}
{"level":"info","message":"Verifying search results for product: Frozen Tops For Kids","scope":"Products.spec","service":"ttacart-tests","timestamp":"2026-07-27 11:47:16"}
{"level":"info","message":"Adding product to cart: Frozen Tops For Kids","scope":"Products.spec","service":"ttacart-tests","timestamp":"2026-07-27 11:47:16"}
{"level":"info","message":"Navigate to Login Page and login with valid credentials","scope":"Products.spec","service":"ttacart-tests","timestamp":"2026-07-27 11:49:11"}
{"level":"info","message":"Opening Products Page","scope":"Products.spec","service":"ttacart-tests","timestamp":"2026-07-27 11:49:18"}
{"level":"info","message":"Searching for product: Frozen Tops For Kids","scope":"Products.spec","service":"ttacart-tests","timestamp":"2026-07-27 11:49:19"}
{"level":"info","message":"Verifying search results for product: Frozen Tops For Kids","scope":"Products.spec","service":"ttacart-tests","timestamp":"2026-07-27 11:49:21"}
{"level":"info","message":"Adding product to cart: Frozen Tops For Kids","scope":"Products.spec","service":"ttacart-tests","timestamp":"2026-07-27 11:49:21"}
{"level":"info","message":"Navigate to Login Page and login with valid credentials","scope":"Products.spec","service":"ttacart-tests","timestamp":"2026-07-27 11:53:41"}
{"level":"info","message":"Opening Products Page","scope":"Products.spec","service":"ttacart-tests","timestamp":"2026-07-27 11:53:49"}
{"level":"info","message":"Searching for product: Frozen Tops For Kids","scope":"Products.spec","service":"ttacart-tests","timestamp":"2026-07-27 11:53:50"}
{"level":"info","message":"Verifying search results for product: Frozen Tops For Kids","scope":"Products.spec","service":"ttacart-tests","timestamp":"2026-07-27 11:53:51"}
{"level":"info","message":"Adding product to cart: Frozen Tops For Kids","scope":"Products.spec","service":"ttacart-tests","timestamp":"2026-07-27 11:53:52"}
{"level":"info","message":"Navigate to Login Page and login with valid credentials","scope":"Products.spec","service":"ttacart-tests","timestamp":"2026-07-27 14:26:40"}
{"level":"info","message":"Opening Products Page","scope":"Products.spec","service":"ttacart-tests","timestamp":"2026-07-27 14:26:50"}
{"level":"info","message":"Searching for product: Frozen Tops For Kids","scope":"Products.spec","service":"ttacart-tests","timestamp":"2026-07-27 14:26:52"}
{"level":"info","message":"Verifying search results for product: Frozen Tops For Kids","scope":"Products.spec","service":"ttacart-tests","timestamp":"2026-07-27 14:26:54"}
{"level":"info","message":"Adding product to cart: Frozen Tops For Kids","scope":"Products.spec","service":"ttacart-tests","timestamp":"2026-07-27 14:26:54"}
